// Jest Snapshot v1, https://goo.gl/fbAQLP

exports[`renders correctly 1`] = `
<nav
  className="navbar navbar-default"
>
  <div
    className="container"
  >
    <div
      className="navbar-header"
    >
      <a
        className="navbar-brand"
        href="/"
      >
        Brewing Company
      </a>
      <button
        className="navbar-toggle collapsed"
        onClick={[Function]}
        type="button"
      >
        <span
          className="sr-only"
        >
          Toggle navigation
        </span>
        <span
          className="icon-bar"
        />
        <span
          className="icon-bar"
        />
        <span
          className="icon-bar"
        />
      </button>
    </div>
    <div
      aria-expanded={null}
      className="navbar-collapse collapse"
    >
      <ul
        className="nav navbar-nav"
        role={null}
      >
        <li
          className=""
          role="presentation"
          style={undefined}
        >
          <a
            href="#/beers"
            onClick={[Function]}
            onKeyDown={[Function]}
          >
            Beers
          </a>
        </li>
        <li
          className=""
          role="presentation"
          style={undefined}
        >
          <a
            href="#/events"
            onClick={[Function]}
            onKeyDown={[Function]}
          >
            Events
          </a>
        </li>
        <li
          className=""
          role="presentation"
          style={undefined}
        >
          <a
            href="#/food"
            onClick={[Function]}
            onKeyDown={[Function]}
          >
            Food
          </a>
        </li>
        <li
          className=""
          role="presentation"
          style={undefined}
        >
          <a
            href="#/about"
            onClick={[Function]}
            onKeyDown={[Function]}
          >
            About
          </a>
        </li>
      </ul>
    </div>
  </div>
</nav>
`;
